<html>
<body>
<pre>
<h1>µVision Build Log</h1>
<h2>Project:</h2>
H:\GitTest\Template\Template\Obj\Template.uvproj
Project File Date:  08/04/2015

<h2>Output:</h2>
Build target 'Template'
compiling main.c...
compiling stm32f10x_it.c...
compiling system_stm32f10x.c...
compiling delay.c...
compiling sys.c...
compiling usart.c...
compiling misc.c...
compiling stm32f10x_rcc.c...
compiling stm32f10x_tim.c...
compiling stm32f10x_gpio.c...
compiling stm32f10x_usart.c...
linking...
Program Size: Code=4448 RO-data=336 RW-data=52 ZI-data=1836  
FromELF: creating hex file...
".\Template.axf" - 0 Error(s), 0 Warning(s).
</pre>
</body>
</html>
